################ dhell
######## pom.xml.pitmp.noconf: OK
######## pom.xml.pitmp.conf1: OK
################ dnoo
######## pom.xml.pitmp.noconf: OK
######## pom.xml.pitmp.conf1: OK
################ dhell5
######## pom.xml.pitmp.noconf: OK
######## pom.xml.pitmp.conf1: OK
################ dnoo5
######## pom.xml.pitmp.noconf: OK
######## pom.xml.pitmp.conf1: OK
